-------------------------------------------------------------------------------
Test set: com.hua.AppTest
-------------------------------------------------------------------------------
Tests run: 1, Failures: 0, Errors: 0, Skipped: 0, Time elapsed: 0.111 s - in com.hua.AppTest
